------------------------------------------------------------
Timing Analyzer Summary
------------------------------------------------------------

Type  : Slow 1100mV 85C Model Setup 'tx_start'
Slack : -4.240
TNS   : -4.240

Type  : Slow 1100mV 85C Model Setup 'clk_3125_tx'
Slack : -3.343
TNS   : -122.428

Type  : Slow 1100mV 85C Model Setup 'clk_3125_rx'
Slack : -1.745
TNS   : -60.340

Type  : Slow 1100mV 85C Model Hold 'clk_3125_tx'
Slack : 0.443
TNS   : 0.000

Type  : Slow 1100mV 85C Model Hold 'clk_3125_rx'
Slack : 0.457
TNS   : 0.000

Type  : Slow 1100mV 85C Model Hold 'tx_start'
Slack : 1.004
TNS   : 0.000

Type  : Slow 1100mV 85C Model Minimum Pulse Width 'clk_3125_tx'
Slack : -4.555
TNS   : -172.086

Type  : Slow 1100mV 85C Model Minimum Pulse Width 'clk_3125_rx'
Slack : -0.724
TNS   : -43.401

Type  : Slow 1100mV 85C Model Minimum Pulse Width 'tx_start'
Slack : 0.152
TNS   : 0.000

Type  : Slow 1100mV 0C Model Setup 'tx_start'
Slack : -4.374
TNS   : -4.374

Type  : Slow 1100mV 0C Model Setup 'clk_3125_tx'
Slack : -3.462
TNS   : -121.629

Type  : Slow 1100mV 0C Model Setup 'clk_3125_rx'
Slack : -1.843
TNS   : -60.581

Type  : Slow 1100mV 0C Model Hold 'clk_3125_tx'
Slack : 0.432
TNS   : 0.000

Type  : Slow 1100mV 0C Model Hold 'clk_3125_rx'
Slack : 0.441
TNS   : 0.000

Type  : Slow 1100mV 0C Model Hold 'tx_start'
Slack : 1.124
TNS   : 0.000

Type  : Slow 1100mV 0C Model Minimum Pulse Width 'clk_3125_tx'
Slack : -4.555
TNS   : -171.862

Type  : Slow 1100mV 0C Model Minimum Pulse Width 'clk_3125_rx'
Slack : -0.724
TNS   : -44.810

Type  : Slow 1100mV 0C Model Minimum Pulse Width 'tx_start'
Slack : 0.179
TNS   : 0.000

Type  : Fast 1100mV 85C Model Setup 'clk_3125_tx'
Slack : -1.270
TNS   : -20.862

Type  : Fast 1100mV 85C Model Setup 'tx_start'
Slack : -1.063
TNS   : -1.063

Type  : Fast 1100mV 85C Model Setup 'clk_3125_rx'
Slack : -0.154
TNS   : -1.564

Type  : Fast 1100mV 85C Model Hold 'clk_3125_rx'
Slack : 0.176
TNS   : 0.000

Type  : Fast 1100mV 85C Model Hold 'clk_3125_tx'
Slack : 0.183
TNS   : 0.000

Type  : Fast 1100mV 85C Model Hold 'tx_start'
Slack : 0.260
TNS   : 0.000

Type  : Fast 1100mV 85C Model Minimum Pulse Width 'clk_3125_tx'
Slack : -2.636
TNS   : -65.646

Type  : Fast 1100mV 85C Model Minimum Pulse Width 'clk_3125_rx'
Slack : -0.087
TNS   : -3.213

Type  : Fast 1100mV 85C Model Minimum Pulse Width 'tx_start'
Slack : -0.064
TNS   : -0.109

Type  : Fast 1100mV 0C Model Setup 'clk_3125_tx'
Slack : -1.116
TNS   : -16.181

Type  : Fast 1100mV 0C Model Setup 'tx_start'
Slack : -0.954
TNS   : -0.954

Type  : Fast 1100mV 0C Model Setup 'clk_3125_rx'
Slack : -0.063
TNS   : -0.317

Type  : Fast 1100mV 0C Model Hold 'clk_3125_rx'
Slack : 0.170
TNS   : 0.000

Type  : Fast 1100mV 0C Model Hold 'clk_3125_tx'
Slack : 0.172
TNS   : 0.000

Type  : Fast 1100mV 0C Model Hold 'tx_start'
Slack : 0.261
TNS   : 0.000

Type  : Fast 1100mV 0C Model Minimum Pulse Width 'clk_3125_tx'
Slack : -2.636
TNS   : -65.738

Type  : Fast 1100mV 0C Model Minimum Pulse Width 'clk_3125_rx'
Slack : -0.084
TNS   : -3.159

Type  : Fast 1100mV 0C Model Minimum Pulse Width 'tx_start'
Slack : -0.045
TNS   : -0.077

------------------------------------------------------------
